[u'EXO', u'DRK', u'BOK', u'DKA', u'MIR', u'JOU', u'RAV', u'WTH', u'8ED', u'CHK', u'THS', u'LEB', u'SHM', u'CHR', u'GPT', u'BNG', u'NPH', u'VIS', u'APC', u'FUT', u'PCY', u'5ED', u'CMD', u'EVE', u'EVG', u'TSP', u'DRB', u'PTK', u'JUD', u'7ED', u'SCG', u'ROE', u'10E', u'HML', u'RTR', u'ISD', u'PO2', u'DST', u'DDK', u'DDJ', u'DDH', u'DDN', u'DDL', u'DDC', u'DDG', u'CSP', u'DDE', u'DDD', u'MOR', u'INV', u'AVR', u'BTD', u'LRW', u'CM1', u'TMP', u'NEM', u'H09', u'ATH', u'ME3', u'ATQ', u'CON', u'ODY', u'PD3', u'PD2', u'DGM', u'S99', u'GTC', u'FRF', u'FEM', u'9ED', u'UNH', u'2ED', u'MD1', u'5DN', u'LEA', u'ALL', u'LEG', u'S00', u'MMQ', u'M11', u'M10', u'M13', u'M12', u'M15', u'M14', u'MMA', u'BRB', u'USG', u'TOR', u'4ED', u'DPA', u'C13', u'DIS', u'SOK', u'SOM', u'ARB', u'6ED', u'POR', u'ONS', u'C14', u'MBS', u'CNS', u'STH', u'ICE', u'KTK', u'ULG', u'UDS', u'LGN', u'UGL', u'ZEN', u'ARC', u'WWK', u'ARN']